// Jest Snapshot v1, https://goo.gl/fbAQLP

exports[`tests on <GifApp /> should match snapshot 1`] = `
<div>
  <h2>
    Gif App
  </h2>
  <AddCategory
    setCategories={[Function]}
  />
  <hr />
  <ol />
</div>
`;
