// Jest Snapshot v1, https://goo.gl/fbAQLP

exports[`Tests on <AddCategory /> should show correctly 1`] = `
<div>
  <form
    onSubmit={[Function]}
  >
    <input
      onChange={[Function]}
      type="text"
      value=""
    />
  </form>
</div>
`;
