// Jest Snapshot v1, https://goo.gl/fbAQLP

exports[`tests for <GifGrid /> should match snapshot 1`] = `
<Fragment>
  <h3>
    Jojo
  </h3>
  <div
    className="card-grid"
  />
</Fragment>
`;
