// Jest Snapshot v1, https://goo.gl/fbAQLP

exports[`Pruebas en <GifGridItem /> should show component 1`] = `
<div
  className="card animate__animated animate__fadeInUp"
>
  <img
    alt="Title"
    src="http://localhost:8000"
  />
  <p>
    Title
  </p>
</div>
`;
